###############################################################################
#
# IAR ELF Linker V8.11.2.13589/W32 for ARM                21/Aug/2017  09:37:39
# Copyright 2007-2017 IAR Systems AB.
#
#    Output file  =  
#        C:\Users\danilo.doderovic\Desktop\Projekat\ElektronikaUART\EWARM\ElektronikaUART\Exe\ElektronikaUART.out
#    Map file     =  
#        C:\Users\danilo.doderovic\Desktop\Projekat\ElektronikaUART\EWARM\ElektronikaUART\List\ElektronikaUART.map
#    Command line =  
#        -f C:\Users\DANILO~1.DOD\AppData\Local\Temp\EWE9D9.tmp
#        (C:\Users\danilo.doderovic\Desktop\Projekat\ElektronikaUART\EWARM\ElektronikaUART\Obj\cmsis_os.o
#        C:\Users\danilo.doderovic\Desktop\Projekat\ElektronikaUART\EWARM\ElektronikaUART\Obj\croutine.o
#        C:\Users\danilo.doderovic\Desktop\Projekat\ElektronikaUART\EWARM\ElektronikaUART\Obj\event_groups.o
#        C:\Users\danilo.doderovic\Desktop\Projekat\ElektronikaUART\EWARM\ElektronikaUART\Obj\freertos.o
#        C:\Users\danilo.doderovic\Desktop\Projekat\ElektronikaUART\EWARM\ElektronikaUART\Obj\heap_4.o
#        C:\Users\danilo.doderovic\Desktop\Projekat\ElektronikaUART\EWARM\ElektronikaUART\Obj\list.o
#        C:\Users\danilo.doderovic\Desktop\Projekat\ElektronikaUART\EWARM\ElektronikaUART\Obj\main.o
#        C:\Users\danilo.doderovic\Desktop\Projekat\ElektronikaUART\EWARM\ElektronikaUART\Obj\port.o
#        C:\Users\danilo.doderovic\Desktop\Projekat\ElektronikaUART\EWARM\ElektronikaUART\Obj\portasm.o
#        C:\Users\danilo.doderovic\Desktop\Projekat\ElektronikaUART\EWARM\ElektronikaUART\Obj\queue.o
#        C:\Users\danilo.doderovic\Desktop\Projekat\ElektronikaUART\EWARM\ElektronikaUART\Obj\startup_stm32f439xx.o
#        C:\Users\danilo.doderovic\Desktop\Projekat\ElektronikaUART\EWARM\ElektronikaUART\Obj\stm32f4xx_hal.o
#        C:\Users\danilo.doderovic\Desktop\Projekat\ElektronikaUART\EWARM\ElektronikaUART\Obj\stm32f4xx_hal_cortex.o
#        C:\Users\danilo.doderovic\Desktop\Projekat\ElektronikaUART\EWARM\ElektronikaUART\Obj\stm32f4xx_hal_dma.o
#        C:\Users\danilo.doderovic\Desktop\Projekat\ElektronikaUART\EWARM\ElektronikaUART\Obj\stm32f4xx_hal_dma_ex.o
#        C:\Users\danilo.doderovic\Desktop\Projekat\ElektronikaUART\EWARM\ElektronikaUART\Obj\stm32f4xx_hal_flash.o
#        C:\Users\danilo.doderovic\Desktop\Projekat\ElektronikaUART\EWARM\ElektronikaUART\Obj\stm32f4xx_hal_flash_ex.o
#        C:\Users\danilo.doderovic\Desktop\Projekat\ElektronikaUART\EWARM\ElektronikaUART\Obj\stm32f4xx_hal_flash_ramfunc.o
#        C:\Users\danilo.doderovic\Desktop\Projekat\ElektronikaUART\EWARM\ElektronikaUART\Obj\stm32f4xx_hal_gpio.o
#        C:\Users\danilo.doderovic\Desktop\Projekat\ElektronikaUART\EWARM\ElektronikaUART\Obj\stm32f4xx_hal_msp.o
#        C:\Users\danilo.doderovic\Desktop\Projekat\ElektronikaUART\EWARM\ElektronikaUART\Obj\stm32f4xx_hal_pwr.o
#        C:\Users\danilo.doderovic\Desktop\Projekat\ElektronikaUART\EWARM\ElektronikaUART\Obj\stm32f4xx_hal_pwr_ex.o
#        C:\Users\danilo.doderovic\Desktop\Projekat\ElektronikaUART\EWARM\ElektronikaUART\Obj\stm32f4xx_hal_rcc.o
#        C:\Users\danilo.doderovic\Desktop\Projekat\ElektronikaUART\EWARM\ElektronikaUART\Obj\stm32f4xx_hal_rcc_ex.o
#        C:\Users\danilo.doderovic\Desktop\Projekat\ElektronikaUART\EWARM\ElektronikaUART\Obj\stm32f4xx_hal_tim.o
#        C:\Users\danilo.doderovic\Desktop\Projekat\ElektronikaUART\EWARM\ElektronikaUART\Obj\stm32f4xx_hal_tim_ex.o
#        C:\Users\danilo.doderovic\Desktop\Projekat\ElektronikaUART\EWARM\ElektronikaUART\Obj\stm32f4xx_hal_uart.o
#        C:\Users\danilo.doderovic\Desktop\Projekat\ElektronikaUART\EWARM\ElektronikaUART\Obj\stm32f4xx_it.o
#        C:\Users\danilo.doderovic\Desktop\Projekat\ElektronikaUART\EWARM\ElektronikaUART\Obj\system_stm32f4xx.o
#        C:\Users\danilo.doderovic\Desktop\Projekat\ElektronikaUART\EWARM\ElektronikaUART\Obj\tasks.o
#        C:\Users\danilo.doderovic\Desktop\Projekat\ElektronikaUART\EWARM\ElektronikaUART\Obj\timers.o
#        --redirect _Printf=_PrintfFull --redirect _Scanf=_ScanfFull -o
#        C:\Users\danilo.doderovic\Desktop\Projekat\ElektronikaUART\EWARM\ElektronikaUART\Exe\ElektronikaUART.out
#        --map
#        C:\Users\danilo.doderovic\Desktop\Projekat\ElektronikaUART\EWARM\ElektronikaUART\List\ElektronikaUART.map
#        --config
#        C:\Users\danilo.doderovic\Desktop\Projekat\ElektronikaUART\EWARM/stm32f439xx_flash.icf
#        --semihosting --entry __iar_program_start --vfe --text_out locale)
#
###############################################################################

*******************************************************************************
*** RUNTIME MODEL ATTRIBUTES
***

CppFlavor       = *
__SystemLibrary = DLib
__dlib_version  = 6


*******************************************************************************
*** HEAP SELECTION
***

The basic heap was selected because no calls to memory allocation
functions were found in the application outside of system library
functions, and there are calls to deallocation functions in the
application.


*******************************************************************************
*** PLACEMENT SUMMARY
***

"A0":  place at 0x08000000 { ro section .intvec };
"P1":  place in [from 0x08000000 to 0x081fffff] { ro };
define block CSTACK with size = 1K, alignment = 8 { };
define block HEAP with size = 512, alignment = 8 { };
"P2":  place in [from 0x20000000 to 0x2002ffff] {
          rw, block CSTACK, block HEAP };
initialize by copy { rw };

  Section            Kind        Address    Size  Object
  -------            ----        -------    ----  ------
"A0":                                      0x1ac
  .intvec            ro code  0x08000000   0x1ac  startup_stm32f439xx.o [1]
                            - 0x080001ac   0x1ac

"P1":                                     0x1b98
  .text              ro code  0x080001ac   0x53c  tasks.o [1]
  .text              ro code  0x080006e8   0x1b4  heap_4.o [1]
  .text              ro code  0x0800089c    0x8e  list.o [1]
  .text              ro code  0x0800092c   0x1a4  port.o [1]
  CODE               ro code  0x08000ad0    0xa8  portasm.o [1]
  .text              ro code  0x08000b78   0x31e  stm32f4xx_hal_uart.o [1]
  .text              ro code  0x08000e98    0xb4  stm32f4xx_hal_msp.o [1]
  .text              ro code  0x08000f4c     0xc  stm32f4xx_hal.o [1]
  .text              ro code  0x08000f58   0x1d4  stm32f4xx_hal_rcc.o [1]
  .text              ro code  0x0800112c    0xc8  stm32f4xx_hal_cortex.o [1]
  .text              ro code  0x080011f4   0x1f4  stm32f4xx_hal_gpio.o [1]
  .text              ro code  0x080013e8    0x28  stm32f4xx_hal.o [1]
  .text              ro code  0x08001410   0x2d4  stm32f4xx_hal_rcc.o [1]
  .text              ro code  0x080016e4   0x1e4  main.o [1]
  .text              ro code  0x080018c8    0x34  stm32f4xx_hal.o [1]
  .text              ro code  0x080018fc    0x86  ABImemcpy.o [5]
  .text              ro code  0x08001984    0x66  cmsis_os.o [1]
  .text              ro code  0x080019ec    0x60  system_stm32f4xx.o [1]
  .text              ro code  0x08001a4c    0x40  zero_init3.o [5]
  .text              ro code  0x08001a8c    0x2c  copy_init3.o [5]
  .text              ro code  0x08001ab8    0x28  data_init.o [5]
  .text              ro code  0x08001ae0    0x22  fpinit_M.o [4]
  .iar.init_table    const    0x08001b04    0x24  - Linker created -
  .text              ro code  0x08001b28    0x1a  stm32f4xx_it.o [1]
  .text              ro code  0x08001b44    0x10  stm32f4xx_hal.o [1]
  .text              ro code  0x08001b54    0x1a  cmain.o [5]
  .text              ro code  0x08001b6e     0x4  low_level_init.o [3]
  .text              ro code  0x08001b72     0x4  exit.o [3]
  .text              ro code  0x08001b78     0xa  cexit.o [5]
  .text              ro code  0x08001b84    0x14  exit.o [6]
  .text              ro code  0x08001b98    0x10  startup_stm32f439xx.o [1]
  Initializer bytes  const    0x08001ba8    0x10  <for P2-1>
  .rodata            const    0x08001bb8     0xc  main.o [1]
  .text              ro code  0x08001bc4     0xc  cstartup_M.o [5]
  .rodata            const    0x08001bd0     0x8  system_stm32f4xx.o [1]
  .text              ro code  0x08001bd8     0x4  startup_stm32f439xx.o [1]
  .text              ro code  0x08001bdc     0x4  startup_stm32f439xx.o [1]
  .text              ro code  0x08001be0     0x4  startup_stm32f439xx.o [1]
  .text              ro code  0x08001be4     0x4  startup_stm32f439xx.o [1]
  .text              ro code  0x08001be8     0x4  startup_stm32f439xx.o [1]
  .text              ro code  0x08001bec     0x4  startup_stm32f439xx.o [1]
  .text              ro code  0x08001bf0     0x4  startup_stm32f439xx.o [1]
  .text              ro code  0x08001bf4     0x4  startup_stm32f439xx.o [1]
  .text              ro code  0x08001bf8     0x4  startup_stm32f439xx.o [1]
  .text              ro code  0x08001bfc     0x4  startup_stm32f439xx.o [1]
  .text              ro code  0x08001c00     0x4  startup_stm32f439xx.o [1]
  .text              ro code  0x08001c04     0x4  startup_stm32f439xx.o [1]
  .text              ro code  0x08001c08     0x4  startup_stm32f439xx.o [1]
  .text              ro code  0x08001c0c     0x4  startup_stm32f439xx.o [1]
  .text              ro code  0x08001c10     0x4  startup_stm32f439xx.o [1]
  .text              ro code  0x08001c14     0x4  startup_stm32f439xx.o [1]
  .text              ro code  0x08001c18     0x4  startup_stm32f439xx.o [1]
  .text              ro code  0x08001c1c     0x4  startup_stm32f439xx.o [1]
  .text              ro code  0x08001c20     0x4  startup_stm32f439xx.o [1]
  .text              ro code  0x08001c24     0x4  startup_stm32f439xx.o [1]
  .text              ro code  0x08001c28     0x4  startup_stm32f439xx.o [1]
  .text              ro code  0x08001c2c     0x4  startup_stm32f439xx.o [1]
  .text              ro code  0x08001c30     0x4  startup_stm32f439xx.o [1]
  .text              ro code  0x08001c34     0x4  startup_stm32f439xx.o [1]
  .text              ro code  0x08001c38     0x4  startup_stm32f439xx.o [1]
  .text              ro code  0x08001c3c     0x4  startup_stm32f439xx.o [1]
  .text              ro code  0x08001c40     0x4  startup_stm32f439xx.o [1]
  .text              ro code  0x08001c44     0x4  startup_stm32f439xx.o [1]
  .text              ro code  0x08001c48     0x4  startup_stm32f439xx.o [1]
  .text              ro code  0x08001c4c     0x4  startup_stm32f439xx.o [1]
  .text              ro code  0x08001c50     0x4  startup_stm32f439xx.o [1]
  .text              ro code  0x08001c54     0x4  startup_stm32f439xx.o [1]
  .text              ro code  0x08001c58     0x4  startup_stm32f439xx.o [1]
  .text              ro code  0x08001c5c     0x4  startup_stm32f439xx.o [1]
  .text              ro code  0x08001c60     0x4  startup_stm32f439xx.o [1]
  .text              ro code  0x08001c64     0x4  startup_stm32f439xx.o [1]
  .text              ro code  0x08001c68     0x4  startup_stm32f439xx.o [1]
  .text              ro code  0x08001c6c     0x4  startup_stm32f439xx.o [1]
  .text              ro code  0x08001c70     0x4  startup_stm32f439xx.o [1]
  .text              ro code  0x08001c74     0x4  startup_stm32f439xx.o [1]
  .text              ro code  0x08001c78     0x4  startup_stm32f439xx.o [1]
  .text              ro code  0x08001c7c     0x4  startup_stm32f439xx.o [1]
  .text              ro code  0x08001c80     0x4  startup_stm32f439xx.o [1]
  .text              ro code  0x08001c84     0x4  startup_stm32f439xx.o [1]
  .text              ro code  0x08001c88     0x4  startup_stm32f439xx.o [1]
  .text              ro code  0x08001c8c     0x4  startup_stm32f439xx.o [1]
  .text              ro code  0x08001c90     0x4  startup_stm32f439xx.o [1]
  .text              ro code  0x08001c94     0x4  startup_stm32f439xx.o [1]
  .text              ro code  0x08001c98     0x4  startup_stm32f439xx.o [1]
  .text              ro code  0x08001c9c     0x4  startup_stm32f439xx.o [1]
  .text              ro code  0x08001ca0     0x4  startup_stm32f439xx.o [1]
  .text              ro code  0x08001ca4     0x4  startup_stm32f439xx.o [1]
  .text              ro code  0x08001ca8     0x4  startup_stm32f439xx.o [1]
  .text              ro code  0x08001cac     0x4  startup_stm32f439xx.o [1]
  .text              ro code  0x08001cb0     0x4  startup_stm32f439xx.o [1]
  .text              ro code  0x08001cb4     0x4  startup_stm32f439xx.o [1]
  .text              ro code  0x08001cb8     0x4  startup_stm32f439xx.o [1]
  .text              ro code  0x08001cbc     0x4  startup_stm32f439xx.o [1]
  .text              ro code  0x08001cc0     0x4  startup_stm32f439xx.o [1]
  .text              ro code  0x08001cc4     0x4  startup_stm32f439xx.o [1]
  .text              ro code  0x08001cc8     0x4  startup_stm32f439xx.o [1]
  .text              ro code  0x08001ccc     0x4  startup_stm32f439xx.o [1]
  .text              ro code  0x08001cd0     0x4  startup_stm32f439xx.o [1]
  .text              ro code  0x08001cd4     0x4  startup_stm32f439xx.o [1]
  .text              ro code  0x08001cd8     0x4  startup_stm32f439xx.o [1]
  .text              ro code  0x08001cdc     0x4  startup_stm32f439xx.o [1]
  .text              ro code  0x08001ce0     0x4  startup_stm32f439xx.o [1]
  .text              ro code  0x08001ce4     0x4  startup_stm32f439xx.o [1]
  .text              ro code  0x08001ce8     0x4  startup_stm32f439xx.o [1]
  .text              ro code  0x08001cec     0x4  startup_stm32f439xx.o [1]
  .text              ro code  0x08001cf0     0x4  startup_stm32f439xx.o [1]
  .text              ro code  0x08001cf4     0x4  startup_stm32f439xx.o [1]
  .text              ro code  0x08001cf8     0x4  startup_stm32f439xx.o [1]
  .text              ro code  0x08001cfc     0x4  startup_stm32f439xx.o [1]
  .text              ro code  0x08001d00     0x4  startup_stm32f439xx.o [1]
  .text              ro code  0x08001d04     0x4  startup_stm32f439xx.o [1]
  .text              ro code  0x08001d08     0x4  startup_stm32f439xx.o [1]
  .text              ro code  0x08001d0c     0x4  startup_stm32f439xx.o [1]
  .text              ro code  0x08001d10     0x4  startup_stm32f439xx.o [1]
  .text              ro code  0x08001d14     0x4  startup_stm32f439xx.o [1]
  .text              ro code  0x08001d18     0x4  startup_stm32f439xx.o [1]
  .text              ro code  0x08001d1c     0x4  startup_stm32f439xx.o [1]
  .text              ro code  0x08001d20     0x4  startup_stm32f439xx.o [1]
  .text              ro code  0x08001d24     0x4  startup_stm32f439xx.o [1]
  .text              ro code  0x08001d28     0x4  startup_stm32f439xx.o [1]
  .text              ro code  0x08001d2c     0x4  startup_stm32f439xx.o [1]
  .text              ro code  0x08001d30     0x4  startup_stm32f439xx.o [1]
  .text              ro code  0x08001d34     0x4  startup_stm32f439xx.o [1]
  .text              ro code  0x08001d38     0x4  startup_stm32f439xx.o [1]
  .text              ro code  0x08001d3c     0x4  startup_stm32f439xx.o [1]
  .text              ro code  0x08001d40     0x4  startup_stm32f439xx.o [1]
  .rodata            const    0x08001d44     0x0  zero_init3.o [5]
  .rodata            const    0x08001d44     0x0  copy_init3.o [5]
                            - 0x08001d44  0x1b98

"P2", part 1 of 3:                          0x10
  P2-1                        0x20000000    0x10  <Init block>
    .data            inited   0x20000000     0xc  port.o [1]
    .data            inited   0x2000000c     0x4  system_stm32f4xx.o [1]
                            - 0x20000010    0x10

"P2", part 2 of 3:                        0x3d94
  .bss               zero     0x20000010  0x3c18  heap_4.o [1]
  .bss               zero     0x20003c28    0xa0  tasks.o [1]
  .bss               zero     0x20003cc8    0x8c  tasks.o [1]
  .bss               zero     0x20003d54    0x4c  main.o [1]
  .bss               zero     0x20003da0     0x4  stm32f4xx_hal.o [1]
                            - 0x20003da4  0x3d94

"P2", part 3 of 3:                         0x400
  CSTACK                      0x20003da8   0x400  <Block>
    CSTACK           uninit   0x20003da8   0x400  <Block tail>
                            - 0x200041a8   0x400


*******************************************************************************
*** INIT TABLE
***

          Address     Size
          -------     ----
Zero (__iar_zero_init3)
    1 destination range, total size 0x3d94:
          0x20000010  0x3d94

Copy (__iar_copy_init3)
    1 source range, total size 0x10:
          0x08001ba8    0x10
    1 destination range, total size 0x10:
          0x20000000    0x10



*******************************************************************************
*** MODULE SUMMARY
***

    Module                  ro code  ro data  rw data
    ------                  -------  -------  -------
C:\Users\danilo.doderovic\Desktop\Projekat\ElektronikaUART\EWARM\ElektronikaUART\Obj: [1]
    cmsis_os.o                  102
    heap_4.o                    436            15 384
    list.o                      142
    main.o                      484       12       76
    port.o                      420       12       12
    portasm.o                   168
    startup_stm32f439xx.o       808
    stm32f4xx_hal.o             120                 4
    stm32f4xx_hal_cortex.o      200
    stm32f4xx_hal_gpio.o        500
    stm32f4xx_hal_msp.o         180
    stm32f4xx_hal_rcc.o       1 192
    stm32f4xx_hal_uart.o        798
    stm32f4xx_it.o               26
    system_stm32f4xx.o           96       12        4
    tasks.o                   1 340               300
    -------------------------------------------------
    Total:                    7 012       36   15 780

command line: [2]
    -------------------------------------------------
    Total:

dl7M_tlf.a: [3]
    exit.o                        4
    low_level_init.o              4
    -------------------------------------------------
    Total:                        8

m7M_tls.a: [4]
    fpinit_M.o                   34
    -------------------------------------------------
    Total:                       34

rt7M_tl.a: [5]
    ABImemcpy.o                 134
    cexit.o                      10
    cmain.o                      26
    copy_init3.o                 44
    cstartup_M.o                 12
    data_init.o                  40
    zero_init3.o                 64
    -------------------------------------------------
    Total:                      330

shb_l.a: [6]
    exit.o                       20
    -------------------------------------------------
    Total:                       20

    Gaps                         14        2
    Linker created                        36    1 024
-----------------------------------------------------
    Grand Total:              7 418       74   16 804


*******************************************************************************
*** ENTRY LIST
***

Entry                      Address    Size  Type      Object
-----                      -------    ----  ----      ------
.iar.init_table$$Base   0x08001b04           --   Gb  - Linker created -
.iar.init_table$$Limit  0x08001b28           --   Gb  - Linker created -
?main                   0x08001b55          Code  Gb  cmain.o [5]
AHBPrescTable           0x08001a3c    0x10  Data  Gb  system_stm32f4xx.o [1]
APBPrescTable           0x08001bd0     0x8  Data  Gb  system_stm32f4xx.o [1]
BusFault_Handler        0x08001b2f     0x2  Code  Gb  stm32f4xx_it.o [1]
CSTACK$$Base            0x20003da8           --   Gb  - Linker created -
CSTACK$$Limit           0x200041a8           --   Gb  - Linker created -
DebugMon_Handler        0x08001b33     0x2  Code  Gb  stm32f4xx_it.o [1]
HAL_GPIO_Init           0x080011f5   0x1b2  Code  Gb  stm32f4xx_hal_gpio.o [1]
HAL_GPIO_WritePin       0x080013a7     0xc  Code  Gb  stm32f4xx_hal_gpio.o [1]
HAL_GetTick             0x08000f4d     0xc  Code  Wk  stm32f4xx_hal.o [1]
HAL_IncTick             0x08001b45    0x10  Code  Wk  stm32f4xx_hal.o [1]
HAL_Init                0x080018c9    0x30  Code  Gb  stm32f4xx_hal.o [1]
HAL_InitTick            0x080013e9    0x28  Code  Wk  stm32f4xx_hal.o [1]
HAL_MspInit             0x08000e99    0x60  Code  Gb  stm32f4xx_hal_msp.o [1]
HAL_NVIC_SetPriority    0x08001165    0x3a  Code  Gb  stm32f4xx_hal_cortex.o [1]
HAL_NVIC_SetPriorityGrouping
                        0x0800114b    0x1a  Code  Gb  stm32f4xx_hal_cortex.o [1]
HAL_RCC_ClockConfig     0x08000f59   0x12a  Code  Gb  stm32f4xx_hal_rcc.o [1]
HAL_RCC_GetHCLKFreq     0x08001091     0x6  Code  Gb  stm32f4xx_hal_rcc.o [1]
HAL_RCC_GetPCLK1Freq    0x08001097    0x10  Code  Gb  stm32f4xx_hal_rcc.o [1]
HAL_RCC_GetPCLK2Freq    0x080010a7     0xe  Code  Gb  stm32f4xx_hal_rcc.o [1]
HAL_RCC_OscConfig       0x08001411   0x2d4  Code  Wk  stm32f4xx_hal_rcc.o [1]
HAL_SYSTICK_CLKSourceConfig
                        0x080011c7    0x1a  Code  Gb  stm32f4xx_hal_cortex.o [1]
HAL_SYSTICK_Config      0x0800119f    0x28  Code  Gb  stm32f4xx_hal_cortex.o [1]
HAL_UART_Init           0x08000b79    0x1e  Code  Gb  stm32f4xx_hal_uart.o [1]
HAL_UART_MspInit        0x08000ef9    0x46  Code  Gb  stm32f4xx_hal_msp.o [1]
HAL_UART_Receive        0x08000bf1    0xba  Code  Gb  stm32f4xx_hal_uart.o [1]
HardFault_Handler       0x08001b2b     0x2  Code  Gb  stm32f4xx_it.o [1]
MemManage_Handler       0x08001b2d     0x2  Code  Gb  stm32f4xx_it.o [1]
NMI_Handler             0x08001b29     0x2  Code  Gb  stm32f4xx_it.o [1]
NVIC_SetPriority        0x0800112d    0x1e  Code  Lc  stm32f4xx_hal_cortex.o [1]
PendSV_Handler          0x08000ad1          Code  Gb  portasm.o [1]
Region$$Table$$Base     0x08001b04           --   Gb  - Linker created -
Region$$Table$$Limit    0x08001b28           --   Gb  - Linker created -
RxBuffer                0x20003d54     0x1  Data  Gb  main.o [1]
SVC_Handler             0x08000b29          Code  Gb  portasm.o [1]
StartDefaultTask        0x08001817    0x76  Code  Gb  main.o [1]
SysTick_Handler         0x08001b35     0xe  Code  Gb  stm32f4xx_it.o [1]
SystemClock_Config      0x08001787    0x90  Code  Gb  main.o [1]
SystemCoreClock         0x2000000c     0x4  Data  Gb  system_stm32f4xx.o [1]
SystemInit              0x080019ed    0x3a  Code  Gb  system_stm32f4xx.o [1]
UART_SetConfig          0x08000d17   0x13a  Code  Lc  stm32f4xx_hal_uart.o [1]
UART_WaitOnFlagUntilTimeout
                        0x08000cb3    0x56  Code  Lc  stm32f4xx_hal_uart.o [1]
UsageFault_Handler      0x08001b31     0x2  Code  Gb  stm32f4xx_it.o [1]
__aeabi_memcpy4         0x080018fd          Code  Gb  ABImemcpy.o [5]
__aeabi_memcpy8         0x080018fd          Code  Gb  ABImemcpy.o [5]
__cmain                 0x08001b55          Code  Gb  cmain.o [5]
__exit                  0x08001b85    0x14  Code  Gb  exit.o [6]
__iar_copy_init3        0x08001a8d    0x2c  Code  Gb  copy_init3.o [5]
__iar_data_init3        0x08001ab9    0x28  Code  Gb  data_init.o [5]
__iar_init_vfp          0x08001ae1          Code  Gb  fpinit_M.o [4]
__iar_program_start     0x08001bc5          Code  Gb  cstartup_M.o [5]
__iar_systems$$module {Abs}
                        0x00000001          Data  Gb  command line/config [2]
__iar_zero_init3        0x08001a4d    0x40  Code  Gb  zero_init3.o [5]
__low_level_init        0x08001b6f     0x4  Code  Gb  low_level_init.o [3]
__vector_table          0x08000000          Data  Gb  startup_stm32f439xx.o [1]
_call_main              0x08001b61          Code  Gb  cmain.o [5]
_exit                   0x08001b79          Code  Gb  cexit.o [5]
_main                   0x08001b6b          Code  Gb  cmain.o [5]
defaultTaskHandle       0x20003d9c     0x4  Data  Gb  main.o [1]
exit                    0x08001b73     0x4  Code  Gb  exit.o [3]
huart1                  0x20003d5c    0x40  Data  Gb  main.o [1]
main                    0x080016e5    0xa2  Code  Gb  main.o [1]
makeFreeRtosPriority    0x08001985     0xc  Code  Lc  cmsis_os.o [1]
osDelay                 0x080019c9     0xe  Code  Gb  cmsis_os.o [1]
osKernelStart           0x08001991     0xa  Code  Gb  cmsis_os.o [1]
osSystickHandler        0x080019d7    0x14  Code  Gb  cmsis_os.o [1]
osThreadCreate          0x0800199b    0x2e  Code  Gb  cmsis_os.o [1]
preamble1               0x20003d55     0x1  Data  Gb  main.o [1]
preamble2               0x20003d56     0x1  Data  Gb  main.o [1]
prvAddCurrentTaskToDelayedList
                        0x0800066d    0x64  Code  Lc  tasks.o [1]
prvAddNewTaskToReadyList
                        0x0800027d    0xa6  Code  Lc  tasks.o [1]
prvDeleteTCB            0x080005d7    0x14  Code  Lc  tasks.o [1]
prvIdleTask             0x08000579    0x5e  Code  Lc  tasks.o [1]
prvInitialiseNewTask    0x08000205    0x78  Code  Lc  tasks.o [1]
prvInsertBlockIntoFreeList
                        0x0800084f    0x46  Code  Lc  heap_4.o [1]
prvResetNextTaskUnblockTime
                        0x080005eb    0x1c  Code  Lc  tasks.o [1]
prvTaskExitError        0x08000955    0x28  Code  Lc  port.o [1]
pvPortMalloc            0x080006e9   0x104  Code  Gb  heap_4.o [1]
pxCurrentTCB            0x20003c50     0x4  Data  Gb  tasks.o [1]
pxDelayedTaskList       0x20003c54     0x4  Data  Lc  tasks.o [1]
pxEnd                   0x20000018     0x4  Data  Lc  heap_4.o [1]
pxOverflowDelayedTaskList
                        0x20003c58     0x4  Data  Lc  tasks.o [1]
pxPortInitialiseStack   0x0800092d    0x26  Code  Gb  port.o [1]
pxReadyTasksLists       0x20003cc8    0x8c  Data  Lc  tasks.o [1]
redniBrojGPIO           0x20003d58     0x1  Data  Gb  main.o [1]
stanjeLSB               0x20003d59     0x1  Data  Gb  main.o [1]
trailer                 0x20003d57     0x1  Data  Gb  main.o [1]
ucHeap                  0x20000028  0x3c00  Data  Lc  heap_4.o [1]
ucMaxSysCallPriority    0x20000000     0x1  Data  Lc  port.o [1]
ulMaxPRIGROUPValue      0x20000008     0x4  Data  Lc  port.o [1]
uwTick                  0x20003da0     0x4  Data  Gb  stm32f4xx_hal.o [1]
uxCriticalNesting       0x20000004     0x4  Data  Lc  port.o [1]
uxCurrentNumberOfTasks  0x20003c74     0x4  Data  Lc  tasks.o [1]
uxDeletedTasksWaitingCleanUp
                        0x20003c5c     0x4  Data  Lc  tasks.o [1]
uxListRemove            0x08000907    0x24  Code  Gb  list.o [1]
uxPendedTicks           0x20003c84     0x4  Data  Lc  tasks.o [1]
uxSchedulerSuspended    0x20003c98     0x4  Data  Lc  tasks.o [1]
uxTaskNumber            0x20003c90     0x4  Data  Lc  tasks.o [1]
uxTopReadyPriority      0x20003c7c     0x4  Data  Lc  tasks.o [1]
vListInitialise         0x0800089d    0x1a  Code  Gb  list.o [1]
vListInitialiseItem     0x080008b7     0x6  Code  Gb  list.o [1]
vListInsert             0x080008d5    0x32  Code  Gb  list.o [1]
vListInsertEnd          0x080008bd    0x18  Code  Gb  list.o [1]
vPortEnableVFP          0x08000b5d          Code  Gb  portasm.o [1]
vPortEnterCritical      0x08000a19    0x32  Code  Gb  port.o [1]
vPortExitCritical       0x08000a4b    0x22  Code  Gb  port.o [1]
vPortFree               0x080007fb    0x46  Code  Gb  heap_4.o [1]
vPortStartFirstTask     0x08000b45          Code  Gb  portasm.o [1]
vTaskDelay              0x08000323    0x2a  Code  Gb  tasks.o [1]
vTaskStartScheduler     0x08000353    0x56  Code  Gb  tasks.o [1]
vTaskSuspendAll         0x080003a9     0xc  Code  Gb  tasks.o [1]
vTaskSwitchContext      0x0800051b    0x56  Code  Gb  tasks.o [1]
xBlockAllocatedBit      0x20000024     0x4  Data  Lc  heap_4.o [1]
xDelayedTaskList1       0x20003c9c    0x14  Data  Lc  tasks.o [1]
xDelayedTaskList2       0x20003cb0    0x14  Data  Lc  tasks.o [1]
xFreeBytesRemaining     0x2000001c     0x4  Data  Lc  heap_4.o [1]
xIdleTaskHandle         0x20003cc4     0x4  Data  Lc  tasks.o [1]
xMinimumEverFreeBytesRemaining
                        0x20000020     0x4  Data  Lc  heap_4.o [1]
xNextTaskUnblockTime    0x20003c94     0x4  Data  Lc  tasks.o [1]
xNumOfOverflows         0x20003c8c     0x4  Data  Lc  tasks.o [1]
xPendingReadyList       0x20003c28    0x14  Data  Lc  tasks.o [1]
xPortStartScheduler     0x0800097d    0x8a  Code  Gb  port.o [1]
xPortSysTickHandler     0x08000a6d    0x26  Code  Gb  port.o [1]
xSchedulerRunning       0x20003c80     0x4  Data  Lc  tasks.o [1]
xStart                  0x20000010     0x8  Data  Lc  heap_4.o [1]
xSuspendedTaskList      0x20003c60    0x14  Data  Lc  tasks.o [1]
xTaskCreate             0x080001ad    0x58  Code  Gb  tasks.o [1]
xTaskGetSchedulerState  0x08000607    0x18  Code  Gb  tasks.o [1]
xTaskIncrementTick      0x08000459    0xc2  Code  Gb  tasks.o [1]
xTaskResumeAll          0x080003b5    0x9c  Code  Gb  tasks.o [1]
xTasksWaitingTermination
                        0x20003c3c    0x14  Data  Lc  tasks.o [1]
xTickCount              0x20003c78     0x4  Data  Lc  tasks.o [1]
xYieldPending           0x20003c88     0x4  Data  Lc  tasks.o [1]


[1] = C:\Users\danilo.doderovic\Desktop\Projekat\ElektronikaUART\EWARM\ElektronikaUART\Obj
[2] = command line
[3] = dl7M_tlf.a
[4] = m7M_tls.a
[5] = rt7M_tl.a
[6] = shb_l.a

   7 418 bytes of readonly  code memory
      74 bytes of readonly  data memory
  16 804 bytes of readwrite data memory

Errors: none
Warnings: none
